// Jest Snapshot v1, https://goo.gl/fbAQLP

exports[`AddNote component renders the complete form 1`] = `
<form
  onSubmit={[Function]}
>
  <fieldset>
    <label>
      Note Name:
      <input
        id="noteName"
        name="noteName"
        placeholder="ex: Awesome Note"
        required={true}
        type="text"
      />
       
    </label>
    <div>
      <label>
        Note content:
      </label>
    </div>
    <div>
      <textarea
        id="content"
        name="content"
        placeholder="Type some notesy stuff here..."
        required={true}
      />
    </div>
    <label>
      Folder:
      <select
        id="folder"
        name="folder"
      />
    </label>
    <input
      type="submit"
      value="Submit"
    />
  </fieldset>
</form>
`;
